@122.69.246.72/32	163.125.128.138/32	0 : 65535	14753 : 14753	0x06/0xFF	0x1000/0x1000	
@122.69.246.65/32	163.125.128.138/32	0 : 65535	55444 : 55444	0x06/0xFF	0x0000/0x0200	
@122.69.246.65/32	15.39.152.175/32	0 : 65535	5632 : 5632	0x06/0xFF	0x1000/0x1000	
@122.69.246.65/32	15.39.152.144/32	0 : 65535	1707 : 1707	0x06/0xFF	0x1000/0x1000	
@122.69.246.115/32	212.131.200.162/32	0 : 65535	1724 : 1724	0x06/0xFF	0x1000/0x1000	
@122.69.246.1/32	212.131.200.162/32	0 : 65535	6000 : 6000	0x06/0xFF	0x0000/0x0200	
@122.69.246.58/32	212.148.210.139/32	0 : 65535	1711 : 1711	0x06/0xFF	0x1000/0x1000	
@122.69.246.58/32	113.99.59.9/32	0 : 65535	1490 : 1490	0x06/0xFF	0x0000/0x0200	
@122.69.246.72/32	120.9.151.2/32	0 : 65535	21 : 21	0x06/0xFF	0x0000/0x0000	
@122.69.246.72/32	120.9.151.2/32	0 : 65535	1526 : 1526	0x06/0xFF	0x0000/0x0000	
@122.69.246.72/32	163.125.128.138/32	0 : 65535	5541 : 5541	0x11/0xFF	0x0000/0x0000	
@122.69.246.72/32	163.125.128.138/32	0 : 65535	1711 : 1711	0x06/0xFF	0x0000/0x0000	
@122.69.246.72/32	163.125.128.138/32	0 : 65535	1717 : 1717	0x06/0xFF	0x0000/0x0000	
@122.69.246.72/32	163.125.128.138/32	0 : 65535	5555 : 5555	0x06/0xFF	0x0000/0x0000	
@122.69.246.72/32	163.125.128.138/32	0 : 65535	1525 : 1525	0x06/0xFF	0x0000/0x0000	
@122.69.246.72/32	163.125.128.138/32	0 : 65535	1706 : 1706	0x06/0xFF	0x0000/0x0000	
@122.69.246.65/32	163.125.128.138/32	0 : 65535	135 : 135	0x06/0xFF	0x0000/0x0000	
@122.69.246.65/32	163.125.128.138/32	0 : 65535	1521 : 1521	0x11/0xFF	0x0000/0x0000	
@122.69.246.65/32	163.125.128.138/32	0 : 65535	1521 : 1521	0x06/0xFF	0x0000/0x0000	
@122.69.246.65/32	163.125.128.138/32	0 : 65535	1734 : 1734	0x06/0xFF	0x0000/0x0000	
@122.69.246.65/32	163.125.128.138/32	0 : 65535	1712 : 1712	0x06/0xFF	0x0000/0x0000	
@122.69.246.65/32	15.39.152.175/32	0 : 65535	1712 : 1712	0x06/0xFF	0x0000/0x0000	
@122.69.246.65/32	15.39.152.175/32	0 : 65535	27000 : 27000	0x06/0xFF	0x0000/0x0000	
@122.69.246.65/32	15.39.152.175/32	0 : 65535	1734 : 1734	0x06/0xFF	0x0000/0x0000	
@122.69.246.65/32	120.9.151.15/32	0 : 65535	1521 : 1521	0x06/0xFF	0x0000/0x0000	
@122.69.246.65/32	120.9.151.15/32	0 : 65535	5540 : 5540	0x06/0xFF	0x0000/0x0000	
@122.69.246.65/32	15.39.152.144/32	0 : 65535	1724 : 1724	0x06/0xFF	0x0000/0x0000	
@122.69.246.65/32	163.121.81.190/32	0 : 65535	21 : 21	0x06/0xFF	0x0000/0x0000	
@122.69.246.65/32	120.13.237.68/32	0 : 65535	135 : 135	0x06/0xFF	0x0000/0x0000	
@122.69.246.115/32	212.131.200.162/32	0 : 65535	1712 : 1712	0x06/0xFF	0x0000/0x0000	
@122.69.246.115/32	212.131.200.162/32	0 : 65535	1521 : 1521	0x06/0xFF	0x0000/0x0000	
@122.69.246.19/32	15.206.130.235/32	0 : 65535	32200 : 32200	0x06/0xFF	0x0000/0x0000	
@122.69.246.27/32	212.148.16.184/32	0 : 65535	1704 : 1704	0x06/0xFF	0x0000/0x0000	
@122.69.246.58/32	212.148.210.143/32	0 : 65535	1521 : 1521	0x06/0xFF	0x0000/0x0000	
@122.69.246.58/32	212.145.26.31/32	0 : 65535	1221 : 1221	0x06/0xFF	0x0000/0x0000	
@122.69.246.58/32	212.145.26.31/32	0 : 65535	20 : 20	0x06/0xFF	0x0000/0x0000	
@122.69.246.58/32	15.205.238.65/32	0 : 65535	1433 : 1433	0x06/0xFF	0x0000/0x0000	
@122.69.246.58/32	113.99.59.13/32	0 : 65535	14753 : 14753	0x06/0xFF	0x0000/0x0000	
@122.69.246.2/31	212.131.200.162/32	0 : 65535	1724 : 1724	0x06/0xFF	0x0000/0x0200	
@122.69.246.72/32	163.125.128.136/31	0 : 65535	5632 : 5632	0x06/0xFF	0x0000/0x0000	
@122.69.246.66/31	163.125.128.138/32	0 : 65535	21 : 21	0x06/0xFF	0x0000/0x0000	
@122.69.246.106/31	120.13.254.108/32	0 : 65535	6000 : 6000	0x06/0xFF	0x0000/0x0000	
@122.69.246.112/31	212.131.200.162/32	0 : 65535	1705 : 1705	0x06/0xFF	0x0000/0x0000	
@122.69.246.16/31	212.148.104.215/32	0 : 65535	1433 : 1433	0x06/0xFF	0x0000/0x0000	
@122.69.246.24/31	212.148.16.184/32	0 : 65535	5631 : 5631	0x06/0xFF	0x0000/0x0000	
@122.69.246.72/32	163.125.128.140/30	0 : 65535	1433 : 1433	0x06/0xFF	0x0000/0x0000	
@122.69.246.65/32	120.13.237.68/32	0 : 65535	61900 : 61909	0x06/0xFF	0x0000/0x0000	
@122.69.246.104/32	15.48.122.69/32	0 : 65535	61400 : 61409	0x06/0xFF	0x0000/0x0000	
@122.69.246.104/32	127.197.214.98/32	0 : 65535	32200 : 32207	0x06/0xFF	0x0000/0x0000	
@122.69.246.115/32	212.131.200.162/32	0 : 65535	1300 : 1350	0x06/0xFF	0x1000/0x1000	
@122.69.246.74/31	120.9.151.2/32	0 : 65535	1700 : 1720	0x06/0xFF	0x0000/0x0000	
@122.69.246.65/32	163.125.128.138/32	0 : 65535	8000 : 8100	0x06/0xFF	0x1000/0x1000	
@122.69.246.115/32	212.131.200.162/32	0 : 65535	8000 : 8100	0x06/0xFF	0x0000/0x0200	
@122.69.246.65/32	15.39.152.144/32	0 : 65535	1600 : 1650	0x06/0xFF	0x0000/0x0000	
@122.69.246.65/32	163.125.128.138/32	0 : 65535	7500 : 7599	0x06/0xFF	0x0000/0x0000	
@122.69.246.65/32	163.125.132.0/22	0 : 65535	14753 : 14753	0x06/0xFF	0x1000/0x1000	
@122.69.246.104/32	163.118.92.0/22	0 : 65535	135 : 135	0x06/0xFF	0x0000/0x0200	
@122.69.246.104/32	163.118.92.0/22	0 : 65535	5540 : 5540	0x06/0xFF	0x0000/0x0000	
@122.69.246.116/30	212.131.204.0/22	0 : 65535	1221 : 1221	0x06/0xFF	0x0000/0x0000	
@122.69.246.0/23	212.94.221.182/32	0 : 65535	61800 : 61809	0x06/0xFF	0x0000/0x0000	
@122.69.246.65/32	120.9.151.15/32	0 : 65535	1025 : 65535	0x06/0xFF	0x0000/0x0000	
@122.69.246.104/32	15.48.122.69/32	0 : 65535	0 : 65535	0x06/0xFF	0x0000/0x0200	
@122.69.246.58/32	212.145.26.31/32	0 : 65535	0 : 65535	0x06/0xFF	0x0000/0x0200	
@122.69.246.72/32	120.9.151.2/32	0 : 65535	0 : 65535	0x06/0xFF	0x0000/0x0000	
@122.69.246.72/32	163.125.128.138/32	0 : 65535	0 : 65535	0x06/0xFF	0x0000/0x0000	
@122.69.246.65/32	163.125.128.138/32	0 : 65535	0 : 65535	0x01/0xFF	0x0000/0x0000	
@122.69.246.65/32	15.39.152.175/32	0 : 65535	0 : 65535	0x06/0xFF	0x0000/0x0000	
@122.69.246.65/32	120.9.151.15/32	0 : 65535	0 : 65535	0x06/0xFF	0x0000/0x0000	
@122.69.246.115/32	212.131.200.162/32	0 : 65535	0 : 65535	0x01/0xFF	0x0000/0x0000	
@122.69.246.115/32	212.131.200.162/32	0 : 65535	0 : 65535	0x06/0xFF	0x0000/0x0000	
@122.69.246.58/32	15.205.168.106/32	0 : 65535	0 : 65535	0x06/0xFF	0x0000/0x0000	
@122.69.246.108/30	120.13.237.76/32	0 : 65535	0 : 65535	0x06/0xFF	0x0000/0x0200	
@122.69.246.104/32	163.118.91.66/31	0 : 65535	0 : 65535	0x06/0xFF	0x0000/0x0000	
@122.69.246.76/30	120.9.151.2/32	0 : 65535	0 : 65535	0x06/0xFF	0x0000/0x0000	
@122.69.246.68/30	163.125.128.138/32	0 : 65535	0 : 65535	0x06/0xFF	0x0000/0x0000	
@122.69.246.108/30	163.118.91.65/32	0 : 65535	0 : 65535	0x06/0xFF	0x0000/0x0000	
@122.69.246.60/30	212.94.221.182/32	0 : 65535	0 : 65535	0x06/0xFF	0x0000/0x0000	
@122.69.246.65/32	163.125.129.0/24	0 : 65535	0 : 65535	0x06/0xFF	0x1000/0x1000	
@122.69.246.65/32	163.125.129.0/24	0 : 65535	0 : 65535	0x06/0xFF	0x0000/0x0000	
@122.69.246.104/32	163.118.90.0/24	0 : 65535	0 : 65535	0x06/0xFF	0x0000/0x0000	
@122.69.246.115/32	212.131.200.162/32	0 : 65535	0 : 65535	0x00/0x00	0x0000/0x0000	
@122.69.246.65/32	163.125.132.0/22	0 : 65535	0 : 65535	0x06/0xFF	0x1000/0x1000	
@122.69.246.56/31	212.145.26.31/32	0 : 65535	0 : 65535	0x00/0x00	0x0000/0x0000	
@122.69.246.0/23	212.148.104.231/32	0 : 65535	0 : 65535	0x06/0xFF	0x0000/0x0000	
@122.69.246.0/23	15.206.130.238/32	0 : 65535	0 : 65535	0x06/0xFF	0x0000/0x0000	
@122.69.246.0/23	15.194.75.88/32	0 : 65535	0 : 65535	0x06/0xFF	0x0000/0x0000	
@122.69.246.0/23	212.94.221.182/32	0 : 65535	0 : 65535	0x06/0xFF	0x0000/0x0000	
@122.69.246.65/32	163.125.132.0/22	0 : 65535	0 : 65535	0x06/0xFF	0x0000/0x0000	
@122.69.246.4/30	212.131.204.0/22	0 : 65535	0 : 65535	0x06/0xFF	0x0000/0x0000	
@122.69.246.65/32	163.125.132.0/22	0 : 65535	0 : 65535	0x00/0x00	0x0000/0x0000	
@122.69.246.0/23	212.92.0.0/15	0 : 65535	0 : 65535	0x06/0xFF	0x0000/0x0200	
@122.69.246.0/23	216.0.0.0/5	0 : 65535	0 : 65535	0x06/0xFF	0x0000/0x0000	
@122.69.246.0/23	192.0.0.0/4	0 : 65535	0 : 65535	0x06/0xFF	0x0000/0x0000	
@122.69.246.0/23	224.0.0.0/3	0 : 65535	0 : 65535	0x06/0xFF	0x0000/0x0000	
